// Jest Snapshot v1, https://goo.gl/fbAQLP

exports[`Grid should render correctly 1`] = `<div />`;

exports[`Grid should render correctly 2`] = `""`;
